C51 COMPILER V7.06   LESSON1_1                                                             07/27/2018 21:59:34 PAGE 1   


C51 COMPILER V7.06, COMPILATION OF MODULE LESSON1_1
OBJECT MODULE PLACED IN lesson1_1.OBJ
COMPILER INVOKED BY: C:\Keil\C51\BIN\C51.EXE lesson1_1.c BROWSE DEBUG OBJECTEXTEND

stmt level    source

   1          //点亮所有发光管
   2          #include<reg52.h>
   3          
   4          int main()
   5          {
   6   1          sbit D1=P1^0; 
*** ERROR C141 IN LINE 6 OF LESSON1_1.C: syntax error near 'sbit'
*** ERROR C202 IN LINE 6 OF LESSON1_1.C: 'D1': undefined identifier
   7   1          sbit D2=P1^1; 
*** ERROR C141 IN LINE 7 OF LESSON1_1.C: syntax error near 'sbit'
*** ERROR C202 IN LINE 7 OF LESSON1_1.C: 'D2': undefined identifier
   8   1          sbit D3=P1^2; 
*** ERROR C141 IN LINE 8 OF LESSON1_1.C: syntax error near 'sbit'
*** ERROR C202 IN LINE 8 OF LESSON1_1.C: 'D3': undefined identifier
   9   1          sbit D4=P1^3; 
*** ERROR C141 IN LINE 9 OF LESSON1_1.C: syntax error near 'sbit'
*** ERROR C202 IN LINE 9 OF LESSON1_1.C: 'D4': undefined identifier
  10   1          sbit D5=P1^4; 
*** ERROR C141 IN LINE 10 OF LESSON1_1.C: syntax error near 'sbit'
*** ERROR C202 IN LINE 10 OF LESSON1_1.C: 'D5': undefined identifier
  11   1          sbit D6=P1^5; 
*** ERROR C141 IN LINE 11 OF LESSON1_1.C: syntax error near 'sbit'
*** ERROR C202 IN LINE 11 OF LESSON1_1.C: 'D6': undefined identifier
  12   1          sbit D7=P1^6; 
*** ERROR C141 IN LINE 12 OF LESSON1_1.C: syntax error near 'sbit'
*** ERROR C202 IN LINE 12 OF LESSON1_1.C: 'D7': undefined identifier
  13   1          sbit D8=P1^7; 
*** ERROR C141 IN LINE 13 OF LESSON1_1.C: syntax error near 'sbit'
*** ERROR C202 IN LINE 13 OF LESSON1_1.C: 'D8': undefined identifier
  14   1          
  15   1          D1=0; 
*** ERROR C202 IN LINE 15 OF LESSON1_1.C: 'D1': undefined identifier
  16   1          D2=0; 
*** ERROR C202 IN LINE 16 OF LESSON1_1.C: 'D2': undefined identifier
  17   1          D3=0; 
*** ERROR C202 IN LINE 17 OF LESSON1_1.C: 'D3': undefined identifier
  18   1          D4=0;
*** ERROR C202 IN LINE 18 OF LESSON1_1.C: 'D4': undefined identifier
  19   1          D5=0;
*** ERROR C202 IN LINE 19 OF LESSON1_1.C: 'D5': undefined identifier
  20   1          D6=0;
*** ERROR C202 IN LINE 20 OF LESSON1_1.C: 'D6': undefined identifier
  21   1          D7=0; 
*** ERROR C202 IN LINE 21 OF LESSON1_1.C: 'D7': undefined identifier
  22   1          D8=0; 
*** ERROR C202 IN LINE 22 OF LESSON1_1.C: 'D8': undefined identifier
  23   1      }

C51 COMPILATION COMPLETE.  0 WARNING(S),  24 ERROR(S)
